../Core/Src/main.c:81:5:main	8	static
../Core/Src/main.c:133:6:SystemClock_Config	88	static
../Core/Src/main.c:180:13:MX_ADC1_Init	56	static
../Core/Src/main.c:267:13:MX_USART2_UART_Init	8	static
../Core/Src/main.c:298:13:MX_DMA_Init	16	static
../Core/Src/main.c:316:13:MX_GPIO_Init	48	static
../Core/Src/main.c:350:6:HAL_GPIO_EXTI_Callback	16	static
../Core/Src/main.c:358:6:HAL_ADC_ConvCpltCallback	16	static
../Core/Src/main.c:363:6:avg_number	16	static
../Core/Src/main.c:392:6:Error_Handler	4	static,ignoring_inline_asm
